
R version 3.2.4 (2016-03-10) -- "Very Secure Dishes"
Copyright (C) 2016 The R Foundation for Statistical Computing
Platform: x86_64-pc-linux-gnu (64-bit)

R is free software and comes with ABSOLUTELY NO WARRANTY.
You are welcome to redistribute it under certain conditions.
Type 'license()' or 'licence()' for distribution details.

  Natural language support but running in an English locale

R is a collaborative project with many contributors.
Type 'contributors()' for more information and
'citation()' on how to cite R or R packages in publications.

Type 'demo()' for some demos, 'help()' for on-line help, or
'help.start()' for an HTML browser interface to help.
Type 'q()' to quit R.

> args<-commandArgs(TRUE)
> 
> # Set some defaults
> seed <- 1
> rows <- 10
> cols <- 10
> 
> # Replace defaults with arguments if they exist
> for(i in 1:length(args)){
+   eval(parse(text=args[[i]]))
+ }
> 
> set.seed(seed)
> print(c(seed, rows, cols))
[1] 3000    1    7
> print(matrix(rexp(200, rate=.1),rows,cols))
         [,1]      [,2]     [,3]     [,4]     [,5]     [,6]     [,7]
[1,] 2.582148 0.9671692 5.588815 9.444745 13.65639 7.254105 23.30046
Warning message:
In matrix(rexp(200, rate = 0.1), rows, cols) :
  data length [200] is not a sub-multiple or multiple of the number of columns [7]
> 
> proc.time()
   user  system elapsed 
  0.208   0.020   0.227 
