
R version 3.2.4 (2016-03-10) -- "Very Secure Dishes"
Copyright (C) 2016 The R Foundation for Statistical Computing
Platform: x86_64-pc-linux-gnu (64-bit)

R is free software and comes with ABSOLUTELY NO WARRANTY.
You are welcome to redistribute it under certain conditions.
Type 'license()' or 'licence()' for distribution details.

  Natural language support but running in an English locale

R is a collaborative project with many contributors.
Type 'contributors()' for more information and
'citation()' on how to cite R or R packages in publications.

Type 'demo()' for some demos, 'help()' for on-line help, or
'help.start()' for an HTML browser interface to help.
Type 'q()' to quit R.

> args<-commandArgs(TRUE)
> 
> # Set some defaults
> seed <- 1
> rows <- 10
> cols <- 10
> 
> # Replace defaults with arguments if they exist
> for(i in 1:length(args)){
+   eval(parse(text=args[[i]]))
+ }
> 
> set.seed(seed)
> print(c(seed, rows, cols))
[1] 1000    5   10
> print(matrix(rexp(200, rate=.1),rows,cols))
          [,1]       [,2]      [,3]       [,4]       [,5]      [,6]       [,7]
[1,] 10.046620  1.6707009  7.519662  0.9661088 37.6809754 4.2597956  4.5359858
[2,]  5.176930 15.6382488 16.898508  3.5310655  5.6713807 4.0566994  3.6411179
[3,] 24.373844  5.1092316  6.098987  7.5606272  1.6879324 1.2566549 29.6377266
[4,] 21.632489  9.6148417  8.516361 21.1389783  9.6231845 7.2863764  0.3620775
[5,]  4.774297  0.5051994 22.278170  3.5346718  0.7618262 0.1387487  2.6233128
           [,8]      [,9]     [,10]
[1,]  3.7064411 5.1571635  4.246332
[2,]  4.2518591 1.6632642 11.216077
[3,]  0.9757521 9.7679390 13.735175
[4,]  2.8853407 0.2681181  1.002794
[5,] 39.5090125 1.5013336 19.516132
> 
> proc.time()
   user  system elapsed 
  0.180   0.028   0.208 
